// Jest Snapshot v1, https://goo.gl/fbAQLP

exports[`Header renders correctly 1`] = `
<div>
  <h1>
     Prepare to code 
  </h1>
</div>
`;
